przedmiot TAS temat C nr_indeksu 396289 liczba_pkt 2 


---------------------------------zadanie 20
Java po stronie klienta
s396289@pc23c:~/tcl$ java HelloClient2
podajLiczbe=0
sayHello=Hello world !!!
s396289@pc23c:~/tcl$ java HelloClient2
podajLiczbe=1
sayHello=Hello world !!!
s396289@pc23c:~/tcl$ java HelloClient2
podajLiczbe=2
sayHello=Hello world !!!
s396289@pc23c:~/tcl$ java HelloClient2
podajLiczbe=3
sayHello=Hello world !!!

Java Serwer:
s396289@pc23c:~/tcl$ java HelloServer2
HelloServant2()
IOR=IOR:000000000000001849444c3a48656c6c6f417070322f48656c6c6f3a312e3000000000010000000000000082000102000000000a3132372e302e302e3100ddad00000031afabcb00000000201a12816600000001000000000000000100000008526f6f74504f410000000008000000010000000014000000000000020000000100000020000000000001000100000002050100010001002000010109000000010001010000000026000000020002
orb.run();
podajLiczbe(), 0
sayHello()
8: 0, 0, 0, 1, 0, 0, 0, 0, 
podajLiczbe(), 1
sayHello()
8: 0, 0, 0, 1, 0, 0, 0, 0, 
podajLiczbe(), 2
sayHello()
8: 0, 0, 0, 1, 0, 0, 0, 0, 
podajLiczbe(), 3
sayHello()
8: 0, 0, 0, 1, 0, 0, 0, 0, 

Klient TCL:
set f [open {Hello.IOR} "r"]; set ior [read $f]; close $f
  #% 
  # tu powinna byc sciezka do pliku ior utworzonego przez serwer !!

set m [corba::string_to_object $ior]
  #% _combat_obj_3
  #% _combat_obj_2
  # mozna wywolywac metody na rzecz ob. Corby $m ...

$m podajLiczbe
  #% 9
  #% 8
  #% 7
  #% 6
  #% 5
  #% 4
  #% 3
  #% 2
  #% 1
  #% 0

Serwer Java : 
HelloServant2()
IOR=IOR:000000000000001849444c3a48656c6c6f417070322f48656c6c6f3a312e3000000000010000000000000082000102000000000a3132372e302e302e3100b41200000031afabcb00000000201a18267600000001000000000000000100000008526f6f74504f410000000008000000010000000014000000000000020000000100000020000000000001000100000002050100010001002000010109000000010001010000000026000000020002
orb.run();
podajLiczbe(), 0
podajLiczbe(), 1
podajLiczbe(), 2
podajLiczbe(), 3
podajLiczbe(), 4
podajLiczbe(), 5
podajLiczbe(), 6
podajLiczbe(), 7
podajLiczbe(), 8
podajLiczbe(), 9

Klient tcl

$m podajLiczbe
  #% 9
  #% 8
  #% 7
  #% 6
  #% 5
  #% 4
  #% 3
  #% 2
  #% 1
  #% 0

Serwer Tcl
------


Serwer Tcl
------

Klient Java:
s396289@pc23c:~/tcl$ java HelloClient2
podajLiczbe=0
sayHello=Jak sie masz ???
s396289@pc23c:~/tcl$ java HelloClient2
podajLiczbe=1
sayHello=Jak sie masz ???
s396289@pc23c:~/tcl$ java HelloClient2
podajLiczbe=2
sayHello=Jak sie masz ???
s396289@pc23c:~/tcl$ java HelloClient2
podajLiczbe=3
sayHello=Jak sie masz ???




---------------------------------zadanie 21

1. 
Klient kod :
	    System.out.println("podajLiczbe="+helloRef.podajLiczbe());
	    System.out.println("sayHello="+helloRef.sayHello());
		System.out.println("podajLiczbe="+helloRef2.podajLiczbe());

Klient konsola :
s396289@pc22b:~/tcl$ java HelloClient2
podajLiczbe=6
sayHello=Hello world !!!
podajLiczbe=0
s396289@pc22b:~/tcl$ java HelloClient2
podajLiczbe=7
sayHello=Hello world !!!
podajLiczbe=0
s396289@pc22b:~/tcl$ java HelloClient2
podajLiczbe=8
sayHello=Hello world !!!
podajLiczbe=0

Serwer kod : 

    public Hello sayHello_nowyObiekt()
    {

		HelloServant2 serv= new HelloServant2(orb);

		try {
			org.omg.CORBA.Object ref = poa.servant_to_reference(serv);
			return HelloHelper.narrow(ref);
		} catch (Exception e) {
		};

		return null;

    }



Serwer konsola :
12
Say hello!
11
Say hello!
12
Say hello!
11
Say hello!
12
Say hello!
11
Say hello!
12
podajLiczbe(), 0
Say hello!
12
Say hello!
12
Say hello!
12


Serwer kod : 

    public String sayHello2(String we)
    {

		for (int i = 0; i < 10; i++) {
	    System.out.println("Say hello!");
	    System.out.println(Thread.currentThread().getId());
	    try {Thread.sleep(200);} catch(Exception e){};
		}

        String s= we + "[" + str+ "]";
        str= s;
        return s;
    }

2.
Klient kod:

			System.out.println("podajLiczbe="+helloRef.podajLiczbe());
			System.out.println("sayHello="+helloRef.sayHello2("str"));
			System.out.println("podajLiczbe="+helloRef2.podajLiczbe())


Serwer konsola:
podajLiczbe(), 0
HelloServant2()
podajLiczbe(), 2
Say hello!
11
Say hello!
11
Say hello!
11
Say hello!
11
Say hello!
11
Say hello!
11
Say hello!
11
Say hello!
11
Say hello!
11
Say hello!
11
podajLiczbe(), 0
HelloServant2()
podajLiczbe(), 3
Say hello!
11
Say hello!
11
Say hello!
11
Say hello!
11
Say hello!
11
Say hello!
11
Say hello!
11
Say hello!
11
Say hello!
11
Say hello!
11
HelloServant2()
podajLiczbe(), 4
Say hello!
12
podajLiczbe(), 0
Say hello!
12
Say hello!
12
Say hello!
12
Say hello!
12
Say hello!
12
Say hello!
12
Say hello!
12
Say hello!
12
Say hello!
12
podajLiczbe(), 0

Klient1 konsola:

s396289@pc22b:~/tcl$ java HelloClient2 
podajLiczbe=2
sayHello=str[str[str[]]]
podajLiczbe=0
s396289@pc22b:~/tcl$ java HelloClient2 
podajLiczbe=4
sayHello=str[str[str[str[str[]]]]]
podajLiczbe=0

Klient2 konsola:

podajLiczbe=1
sayHello=str[str[]]
podajLiczbe=0
s396289@pc22b:~/tcl$ java HelloClient2
podajLiczbe=3
sayHello=str[str[str[str[]]]]
podajLiczbe=0
s396289@pc22b:~/tcl$ 

3.
Konsola Klient:
s396289@pc22b:~/tcl$ java HelloClient2
HelloServant2()
sayHello()
8: 0, 0, 0, 1, 0, 0, 0, 0, 

Kod klient:
             BufferedReader in= new BufferedReader(new FileReader("Hello.IOR"));
             String IOR=in.readLine(); in.close();
             org.omg.CORBA.Object obj= orb.string_to_object(IOR);
             Hello helloRef= HelloHelper.narrow(obj);

             //Hello helloRef2 = helloRef.sayHello_nowyObiekt();                                                                                                                                                   

             helloRef.HelloClient(HelloHelper.narrow(ref));

Konsola serwer:
pc22b:~/tcl$ java HelloServer2
HelloServant2()
IOR=IOR:000000000000001849444c3a48656c6c6f417070322f48656c6c6f3a312e30000000000100000000000
00082000102000000000a3132372e302e302e3100a68f00000031afabcb0000000020864232f700000001000000
000000000100000008526f6f74504f4100000000080000000100000000140000000000000200000001000000200
00000000001000100000002050100010001002000010109000000010001010000000026000000020002
orb.run();
Say hello to clientZwracam : Hello world !!!

Kod serwer:
        System.out.println("sayHello()");

        // eksperyment z POA                                                                                                                                                                                       
        try {
          org.omg.PortableServer.Current poac=
              org.omg.PortableServer.CurrentHelper.narrow(orb.resolve_initial_references("POACurrent"));
              byte b[]= poac.get_object_id();

              System.out.print(b.length+": ");
          for(int i=0; i<b.length; i++) {
            System.out.print(b[i]+", ");
          }
              System.out.println("");

        } catch (Exception e) {
          System.err.println("sayHello(); ERROR: " + e);
        }

        return "Zwracam : Hello world !!!";





    public void HelloClient  (HelloApp2.Hello zdanie){

        System.out.println("Say hello to client"+ zdanie.sayHello());

    }







}
